[Header Microsoft Windows NT 6.2.9200.0]
2026-04-16 17:24:59,061 [1] INFO  Core.Engine.ToolManager.Private.Tools [(null)] - Loaded tool: ScopeToolCF
2026-04-16 17:24:59,071 [1] INFO  Core.Engine.ToolManager.Private.Tools [(null)] - Loaded tool: TimeInformationToolCF
2026-04-16 17:24:59,071 [1] INFO  Core.Engine.ToolManager.Private.Tools [(null)] - Loaded tool: TrendDataToolCF
2026-04-16 17:24:59,071 [1] INFO  Core.Engine.ToolManager.Private.Tools [(null)] - Loaded tool: WebServerConfigToolCF
2026-04-16 17:24:59,195 [1] INFO  BeHwApiProvider.LegacyToBeIncorporatedWithinIBeHwApiInTheLongRun.BeHwApiEx [(null)] - System.DllNotFoundException: Unable to load DLL 'BeHwApi.dll': The specified module could not be found. (Exception from HRESULT: 0x8007007E)
   at BeHwApiProvider.LegacyToBeIncorporatedWithinIBeHwApiInTheLongRun.BeHwApiEx.BeHWAPI_IsOptimus()
   at BeHwApiProvider.LegacyToBeIncorporatedWithinIBeHwApiInTheLongRun.BeHwApiEx.IsOptimus()
2026-04-16 17:24:59,198 [1] INFO  Neo.ApplicationFramework.Common.Runtime.GlobalsBase [(null)] - Version: 2.21.28.0
2026-04-16 17:24:59,211 [1] INFO  BeHwApiProvider.LegacyToBeIncorporatedWithinIBeHwApiInTheLongRun.BeHwApiEx [(null)] - System.DllNotFoundException: Unable to load DLL 'BeHwApi.dll': The specified module could not be found. (Exception from HRESULT: 0x8007007E)
   at BeHwApiProvider.LegacyToBeIncorporatedWithinIBeHwApiInTheLongRun.BeHwApiEx.BeHWAPI_IsOptimus()
   at BeHwApiProvider.LegacyToBeIncorporatedWithinIBeHwApiInTheLongRun.BeHwApiEx.IsOptimus()
2026-04-16 17:24:59,222 [1] INFO  Core.Engine.ToolManager.Private.ToolMgrCF [(null)] - Initializing ToolManager
2026-04-16 17:24:59,358 [1] INFO  BeHwApiProvider.LegacyToBeIncorporatedWithinIBeHwApiInTheLongRun.BeHwApiEx [(null)] - System.DllNotFoundException: Unable to load DLL 'BeHwApi.dll': The specified module could not be found. (Exception from HRESULT: 0x8007007E)
   at BeHwApiProvider.LegacyToBeIncorporatedWithinIBeHwApiInTheLongRun.BeHwApiEx.BeHWAPI_IsOptimus()
   at BeHwApiProvider.LegacyToBeIncorporatedWithinIBeHwApiInTheLongRun.BeHwApiEx.IsOptimus()
2026-04-16 17:24:59,441 [1] INFO  Neo.ApplicationFramework.Storage.Providers.CommonDatabase.CommonDatabaseBase [(null)] - Database: Integrity check started.
2026-04-16 17:24:59,441 [1] INFO  Neo.ApplicationFramework.Storage.Providers.CommonDatabase.CommonDatabaseBase [(null)] - Database: Integrity check finished without errors.
2026-04-16 17:24:59,483 [1] INFO  Neo.ApplicationFramework.Storage.Providers.CommonDatabase.CommonDatabaseBase [(null)] - Database: Cleanup started.
2026-04-16 17:24:59,495 [1] INFO  Neo.ApplicationFramework.Storage.Providers.CommonDatabase.CommonDatabaseBase [(null)] - Database: Cleanup recovered 0 bytes.
2026-04-16 17:24:59,512 [1] INFO  Neo.ApplicationFramework.Storage.Providers.CommonDatabase.CommonDatabaseBase [(null)] - NonVolatileDatabase: Integrity check started.
2026-04-16 17:24:59,512 [1] INFO  Neo.ApplicationFramework.Storage.Providers.CommonDatabase.CommonDatabaseBase [(null)] - NonVolatileDatabase: Integrity check finished without errors.
2026-04-16 17:24:59,531 [1] INFO  Neo.ApplicationFramework.Storage.Providers.CommonDatabase.CommonDatabaseBase [(null)] - NonVolatileDatabase: Cleanup started.
2026-04-16 17:24:59,542 [1] INFO  Neo.ApplicationFramework.Storage.Providers.CommonDatabase.CommonDatabaseBase [(null)] - NonVolatileDatabase: Cleanup recovered 0 bytes.
2026-04-16 17:25:05,004 [1] ERROR Neo.ApplicationFramework.Tools.Backlight.BacklightController [(null)] - Failed to find registryKey HKEY_CURRENT_USER\ControlPanel\backlight
2026-04-16 17:25:30,691 [1] ERROR Neo.ApplicationFramework.Tools.Backlight.BacklightController [(null)] - Failed to find registryKey HKEY_CURRENT_USER\ControlPanel\backlight
2026-04-16 17:25:30,691 [1] ERROR Neo.ApplicationFramework.Tools.Backlight.BacklightController [(null)] - Failed to find registryKey HKEY_CURRENT_USER\ControlPanel\backlight
2026-04-16 17:25:30,691 [1] ERROR Neo.ApplicationFramework.Tools.Backlight.BacklightController [(null)] - Failed to find registryKey HKEY_CURRENT_USER\ControlPanel\backlight
2026-04-16 17:25:30,691 [1] ERROR Neo.ApplicationFramework.Tools.Backlight.BacklightController [(null)] - Failed to find registryKey HKEY_CURRENT_USER\ControlPanel\backlight
2026-04-16 17:25:30,691 [1] ERROR Neo.ApplicationFramework.Tools.Backlight.BacklightController [(null)] - Failed to find registryKey HKEY_CURRENT_USER\ControlPanel\backlight
[Header Microsoft Windows NT 6.2.9200.0]
2026-04-16 17:26:20,248 [1] INFO  Core.Engine.ToolManager.Private.Tools [(null)] - Loaded tool: PlatformFactoryToolCF
2026-04-16 17:26:20,254 [1] INFO  Core.Engine.ToolManager.Private.Tools [(null)] - Loaded tool: FeatureSecurityToolCF
2026-04-16 17:26:20,254 [1] INFO  Core.Engine.ToolManager.Private.Tools [(null)] - Loaded tool: StorageToolCF
2026-04-16 17:26:20,266 [1] INFO  Core.Engine.ToolManager.Private.Tools [(null)] - Loaded tool: SqlCeDatabaseTool
2026-04-16 17:26:20,269 [1] INFO  Core.Engine.ToolManager.Private.Tools [(null)] - Loaded tool: SQLiteDatabaseToolCF
2026-04-16 17:26:20,269 [1] INFO  Core.Engine.ToolManager.Private.Tools [(null)] - Loaded tool: SplashServiceTool
2026-04-16 17:26:20,269 [1] INFO  Core.Engine.ToolManager.Private.Tools [(null)] - Loaded tool: DatabaseToolCF
2026-04-16 17:26:20,269 [1] INFO  Core.Engine.ToolManager.Private.Tools [(null)] - Loaded tool: MultiLanguageToolCF
2026-04-16 17:26:20,270 [1] INFO  Core.Engine.ToolManager.Private.Tools [(null)] - Loaded tool: MessageBoxToolCF
2026-04-16 17:26:20,270 [1] INFO  Core.Engine.ToolManager.Private.Tools [(null)] - Loaded tool: OpcClientToolCF
2026-04-16 17:26:20,270 [1] INFO  Core.Engine.ToolManager.Private.Tools [(null)] - Loaded tool: SystemTagToolCF
2026-04-16 17:26:20,270 [1] INFO  Core.Engine.ToolManager.Private.Tools [(null)] - Loaded tool: StorageClientToolCF
2026-04-16 17:26:20,271 [1] INFO  Core.Engine.ToolManager.Private.Tools [(null)] - Loaded tool: NonVolatileToolCF
2026-04-16 17:26:20,271 [1] INFO  Core.Engine.ToolManager.Private.Tools [(null)] - Loaded tool: ProjectTool
2026-04-16 17:26:20,271 [1] INFO  Core.Engine.ToolManager.Private.Tools [(null)] - Loaded tool: AlarmTool
2026-04-16 17:26:20,271 [1] INFO  Core.Engine.ToolManager.Private.Tools [(null)] - Loaded tool: AuditTrailToolCF
2026-04-16 17:26:20,272 [1] INFO  Core.Engine.ToolManager.Private.Tools [(null)] - Loaded tool: UserChangedAuditTrailToolCF
2026-04-16 17:26:20,275 [1] INFO  Core.Engine.ToolManager.Private.Tools [(null)] - Loaded tool: BacklightTool
2026-04-16 17:26:20,275 [1] INFO  Core.Engine.ToolManager.Private.Tools [(null)] - Loaded tool: BrandTool
2026-04-16 17:26:20,275 [1] INFO  Core.Engine.ToolManager.Private.Tools [(null)] - Loaded tool: CachedDataItemToolCF
2026-04-16 17:26:20,276 [1] INFO  Core.Engine.ToolManager.Private.Tools [(null)] - Loaded tool: DateTimeEditToolCF
2026-04-16 17:26:20,276 [1] INFO  Core.Engine.ToolManager.Private.Tools [(null)] - Loaded tool: DebugLoggerTool
2026-04-16 17:26:20,276 [1] INFO  Core.Engine.ToolManager.Private.Tools [(null)] - Loaded tool: DeviceManagerToolCF
2026-04-16 17:26:20,277 [1] INFO  Core.Engine.ToolManager.Private.Tools [(null)] - Loaded tool: DriverPropertiesToolCF
2026-04-16 17:26:20,277 [1] INFO  Core.Engine.ToolManager.Private.Tools [(null)] - Loaded tool: EmailSenderTool
2026-04-16 17:26:20,277 [1] INFO  Core.Engine.ToolManager.Private.Tools [(null)] - Loaded tool: LicenseToolCF
2026-04-16 17:26:20,277 [1] INFO  Core.Engine.ToolManager.Private.Tools [(null)] - Loaded tool: NativeToolCF
2026-04-16 17:26:20,277 [1] INFO  Core.Engine.ToolManager.Private.Tools [(null)] - Loaded tool: NetworkToolCF
2026-04-16 17:26:20,278 [1] INFO  Core.Engine.ToolManager.Private.Tools [(null)] - Loaded tool: PrinterToolCF
2026-04-16 17:26:20,278 [1] INFO  Core.Engine.ToolManager.Private.Tools [(null)] - Loaded tool: ProjectInformationToolCF
2026-04-16 17:26:20,278 [1] INFO  Core.Engine.ToolManager.Private.Tools [(null)] - Loaded tool: RecipeToolCF
2026-04-16 17:26:20,278 [1] INFO  Core.Engine.ToolManager.Private.Tools [(null)] - Loaded tool: RenderableControlTool
2026-04-16 17:26:20,279 [1] INFO  Core.Engine.ToolManager.Private.Tools [(null)] - Loaded tool: CommandLineTool
2026-04-16 17:26:20,279 [1] INFO  Core.Engine.ToolManager.Private.Tools [(null)] - Loaded tool: MessageFilterTool
2026-04-16 17:26:20,280 [1] INFO  Core.Engine.ToolManager.Private.Tools [(null)] - Loaded tool: NotifierService
2026-04-16 17:26:20,280 [1] INFO  Core.Engine.ToolManager.Private.Tools [(null)] - Loaded tool: PrintScreenToolCF
2026-04-16 17:26:20,281 [1] INFO  Core.Engine.ToolManager.Private.Tools [(null)] - Loaded tool: TimerToolCF
2026-04-16 17:26:20,281 [1] INFO  Core.Engine.ToolManager.Private.Tools [(null)] - Loaded tool: Run
2026-04-16 17:26:20,281 [1] INFO  Core.Engine.ToolManager.Private.Tools [(null)] - Loaded tool: SimulationTool
2026-04-16 17:26:20,281 [1] INFO  Core.Engine.ToolManager.Private.Tools [(null)] - Loaded tool: ScreenManager
2026-04-16 17:26:20,282 [1] INFO  Core.Engine.ToolManager.Private.Tools [(null)] - Loaded tool: SecurityManagerToolCF
2026-04-16 17:26:20,282 [1] INFO  Core.Engine.ToolManager.Private.Tools [(null)] - Loaded tool: ObjectSerializationToolCF
2026-04-16 17:26:20,282 [1] INFO  Core.Engine.ToolManager.Private.Tools [(null)] - Loaded tool: SMSSenderTool
2026-04-16 17:26:20,282 [1] INFO  Core.Engine.ToolManager.Private.Tools [(null)] - Loaded tool: StorageCacheTool
2026-04-16 17:26:20,283 [1] INFO  Core.Engine.ToolManager.Private.Tools [(null)] - Loaded tool: StructuredTypesToolCF
2026-04-16 17:26:20,283 [1] INFO  Core.Engine.ToolManager.Private.Tools [(null)] - Loaded tool: SymbolService
2026-04-16 17:26:20,284 [1] INFO  Core.Engine.ToolManager.Private.Tools [(null)] - Loaded tool: SystemInformationToolCF
2026-04-16 17:26:20,284 [1] INFO  Core.Engine.ToolManager.Private.Tools [(null)] - Loaded tool: KeyPanelConfigToolCF
2026-04-16 17:26:20,284 [1] INFO  Core.Engine.ToolManager.Private.Tools [(null)] - Loaded tool: ScopeToolCF
2026-04-16 17:26:20,284 [1] INFO  Core.Engine.ToolManager.Private.Tools [(null)] - Loaded tool: TimeInformationToolCF
2026-04-16 17:26:20,284 [1] INFO  Core.Engine.ToolManager.Private.Tools [(null)] - Loaded tool: TrendDataToolCF
2026-04-16 17:26:20,284 [1] INFO  Core.Engine.ToolManager.Private.Tools [(null)] - Loaded tool: WebServerConfigToolCF
2026-04-16 17:26:20,397 [1] INFO  BeHwApiProvider.LegacyToBeIncorporatedWithinIBeHwApiInTheLongRun.BeHwApiEx [(null)] - System.DllNotFoundException: Unable to load DLL 'BeHwApi.dll': The specified module could not be found. (Exception from HRESULT: 0x8007007E)
   at BeHwApiProvider.LegacyToBeIncorporatedWithinIBeHwApiInTheLongRun.BeHwApiEx.BeHWAPI_IsOptimus()
   at BeHwApiProvider.LegacyToBeIncorporatedWithinIBeHwApiInTheLongRun.BeHwApiEx.IsOptimus()
2026-04-16 17:26:20,399 [1] INFO  Neo.ApplicationFramework.Common.Runtime.GlobalsBase [(null)] - Version: 2.21.28.0
2026-04-16 17:26:20,413 [1] INFO  BeHwApiProvider.LegacyToBeIncorporatedWithinIBeHwApiInTheLongRun.BeHwApiEx [(null)] - System.DllNotFoundException: Unable to load DLL 'BeHwApi.dll': The specified module could not be found. (Exception from HRESULT: 0x8007007E)
   at BeHwApiProvider.LegacyToBeIncorporatedWithinIBeHwApiInTheLongRun.BeHwApiEx.BeHWAPI_IsOptimus()
   at BeHwApiProvider.LegacyToBeIncorporatedWithinIBeHwApiInTheLongRun.BeHwApiEx.IsOptimus()
2026-04-16 17:26:20,422 [1] INFO  Core.Engine.ToolManager.Private.ToolMgrCF [(null)] - Initializing ToolManager
2026-04-16 17:26:20,558 [1] INFO  BeHwApiProvider.LegacyToBeIncorporatedWithinIBeHwApiInTheLongRun.BeHwApiEx [(null)] - System.DllNotFoundException: Unable to load DLL 'BeHwApi.dll': The specified module could not be found. (Exception from HRESULT: 0x8007007E)
   at BeHwApiProvider.LegacyToBeIncorporatedWithinIBeHwApiInTheLongRun.BeHwApiEx.BeHWAPI_IsOptimus()
   at BeHwApiProvider.LegacyToBeIncorporatedWithinIBeHwApiInTheLongRun.BeHwApiEx.IsOptimus()
2026-04-16 17:26:20,641 [1] INFO  Neo.ApplicationFramework.Storage.Providers.CommonDatabase.CommonDatabaseBase [(null)] - Database: Integrity check started.
2026-04-16 17:26:20,641 [1] INFO  Neo.ApplicationFramework.Storage.Providers.CommonDatabase.CommonDatabaseBase [(null)] - Database: Integrity check finished without errors.
2026-04-16 17:26:20,682 [1] INFO  Neo.ApplicationFramework.Storage.Providers.CommonDatabase.CommonDatabaseBase [(null)] - Database: Cleanup started.
2026-04-16 17:26:20,694 [1] INFO  Neo.ApplicationFramework.Storage.Providers.CommonDatabase.CommonDatabaseBase [(null)] - Database: Cleanup recovered 0 bytes.
2026-04-16 17:26:20,710 [1] INFO  Neo.ApplicationFramework.Storage.Providers.CommonDatabase.CommonDatabaseBase [(null)] - NonVolatileDatabase: Integrity check started.
2026-04-16 17:26:20,710 [1] INFO  Neo.ApplicationFramework.Storage.Providers.CommonDatabase.CommonDatabaseBase [(null)] - NonVolatileDatabase: Integrity check finished without errors.
2026-04-16 17:26:20,726 [1] INFO  Neo.ApplicationFramework.Storage.Providers.CommonDatabase.CommonDatabaseBase [(null)] - NonVolatileDatabase: Cleanup started.
2026-04-16 17:26:20,737 [1] INFO  Neo.ApplicationFramework.Storage.Providers.CommonDatabase.CommonDatabaseBase [(null)] - NonVolatileDatabase: Cleanup recovered 0 bytes.
2026-04-16 17:26:26,200 [1] ERROR Neo.ApplicationFramework.Tools.Backlight.BacklightController [(null)] - Failed to find registryKey HKEY_CURRENT_USER\ControlPanel\backlight
2026-04-16 17:26:33,384 [1] ERROR Neo.ApplicationFramework.Tools.Backlight.BacklightController [(null)] - Failed to find registryKey HKEY_CURRENT_USER\ControlPanel\backlight
2026-04-16 17:26:33,384 [1] ERROR Neo.ApplicationFramework.Tools.Backlight.BacklightController [(null)] - Failed to find registryKey HKEY_CURRENT_USER\ControlPanel\backlight
2026-04-16 17:26:33,384 [1] ERROR Neo.ApplicationFramework.Tools.Backlight.BacklightController [(null)] - Failed to find registryKey HKEY_CURRENT_USER\ControlPanel\backlight
2026-04-16 17:26:33,385 [1] ERROR Neo.ApplicationFramework.Tools.Backlight.BacklightController [(null)] - Failed to find registryKey HKEY_CURRENT_USER\ControlPanel\backlight
2026-04-16 17:26:33,385 [1] ERROR Neo.ApplicationFramework.Tools.Backlight.BacklightController [(null)] - Failed to find registryKey HKEY_CURRENT_USER\ControlPanel\backlight
